
There are no discarded input sections

Memory Configuration

Name             Origin             Length             Attributes
FLASH            0x08000000         0x00080000         xr
SRAM             0x20000000         0x0001c000         xrw
*default*        0x00000000         0xffffffff

Linker script and memory map

LOAD obj/main.o
LOAD obj/Stm32f429zi_Startup.o
                0x2001c000                        _estack = (ORIGIN (SRAM) + LENGTH (SRAM))
                0x00000200                        __max_heap_size = 0x200
                0x00000400                        __max_stack_size = 0x400

.text           0x08000000      0x254
                0x08000000                        . = ALIGN (0x4)
                0x08000000                        _stext = .
                0x08000000                        __text_start__ = _stext
 *(.isr_vector_table)
 .isr_vector_table
                0x08000000      0x1ac obj/Stm32f429zi_Startup.o
                0x08000000                vector_table
 *(.text)
 .text          0x080001ac        0xe obj/main.o
                0x080001ac                main
 *fill*         0x080001ba        0x2 
 .text          0x080001bc       0x98 obj/Stm32f429zi_Startup.o
                0x080001bc                DMA1_Stream3_IRQHandler
                0x080001bc                HASH_RNG_IRQHandler
                0x080001bc                EXTI2_IRQHandler
                0x080001bc                TIM8_CC_IRQHandler
                0x080001bc                SVCall_Handler
                0x080001bc                SPI4_IRQHandler
                0x080001bc                TIM1_CC_IRQHandler
                0x080001bc                Systick_Handler
                0x080001bc                DMA2_Stream5_IRQHandler
                0x080001bc                HardFault_Handler
                0x080001bc                DMA1_Stream5_IRQHandler
                0x080001bc                SDIO_IRQHandler
                0x080001bc                PendSV_Handler
                0x080001bc                NMI_Handler
                0x080001bc                CAN2_RX1_IRQHandler
                0x080001bc                EXTI3_IRQHandler
                0x080001bc                TIM8_TRG_COM_TIM14_IRQHandler
                0x080001bc                TIM1_UP_TIM10_IRQHandler
                0x080001bc                TIM8_UP_TIM13_IRQHandler
                0x080001bc                I2C3_ER_IRQHandler
                0x080001bc                LCD_TFT_IRQHandler
                0x080001bc                USART8_IRQHandler
                0x080001bc                EXTI0_IRQHandler
                0x080001bc                I2C2_EV_IRQHandler
                0x080001bc                DMA1_Stream2_IRQHandler
                0x080001bc                CAN1_RX0_IRQHandler
                0x080001bc                FPU_IRQHandler
                0x080001bc                OTG_HS_WKUP_IRQHandler
                0x080001bc                UsageFault_Handler
                0x080001bc                CAN2_SCE_IRQHandler
                0x080001bc                DMA2_Stream2_IRQHandler
                0x080001bc                SPI1_IRQHandler
                0x080001bc                USART5_IRQHandler
                0x080001bc                TIM6_DAC_IRQHandler
                0x080001bc                TIM1_BRK_TIM9_IRQHandler
                0x080001bc                DCMI_IRQHandler
                0x080001bc                CAN2_RX0_IRQHandler
                0x080001bc                DMA2_Stream3_IRQHandler
                0x080001bc                USART7_IRQHandler
                0x080001bc                USART6_IRQHandler
                0x080001bc                USART3_IRQHandler
                0x080001bc                CRYP_IRQHandler
                0x080001bc                SAI1_IRQHandler
                0x080001bc                RTC_Alarm_IRQHandler
                0x080001bc                CAN1_RX1_IRQHandler
                0x080001bc                DMA2_Stream0_IRQHandler
                0x080001bc                TIM4_IRQHandler
                0x080001bc                I2C1_EV_IRQHandler
                0x080001bc                DMA1_Stream6_IRQHandler
                0x080001bc                USART4_IRQHandler
                0x080001bc                DMA1_Stream1_IRQHandler
                0x080001bc                TIM3_IRQHandler
                0x080001bc                RCC_IRQHandler
                0x080001bc                TIM8_BRK_TIM12_IRQHandler
                0x080001bc                Default_Handler
                0x080001bc                EXTI15_10_IRQHandler
                0x080001bc                ADC_IRQHandler
                0x080001bc                DMA1_Stream7_IRQHandler
                0x080001bc                SPI5_IRQHandler
                0x080001bc                TIM7_IRQHandler
                0x080001bc                EXTI_PVD_IRQHandler
                0x080001bc                CAN2_TX_IRQHandler
                0x080001bc                TIM5_IRQHandler
                0x080001bc                DMA2_Stream7_IRQHandler
                0x080001bc                WWDOG_IRQHandler
                0x080001bc                I2C3_EV_IRQHandler
                0x080001bc                EXTI9_5_IRQHandler
                0x080001bc                ETH_WKUP_IRQHandler
                0x080001bc                SPI2_IRQHandler
                0x080001bc                LCD_TFT_ERR_IRQHandler
                0x080001bc                OTG_HS_EP1_IN_IRQHandler
                0x080001bc                MemManage_Handler
                0x080001bc                DMA1_Stream0_IRQHandler
                0x080001bc                CAN1_TX_IRQHandler
                0x080001bc                EXTI4_IRQHandler
                0x080001bc                EXTI_RTC_WKUP_IRQHandler
                0x080001bc                FSMC_IRQHandler
                0x080001bc                ETH_IRQHandler
                0x080001bc                OTG_HS_EP1_OUT_IRQHandler
                0x080001bc                SPI6_IRQHandler
                0x080001bc                TIM2_IRQHandler
                0x080001bc                OTG_FS_WKUP_IRQHandler
                0x080001bc                TIM1_TRG_COM_TIM11_IRQHandler
                0x080001bc                OTG_HS_IRQHandler
                0x080001bc                DMA2D_IRQHandler
                0x080001bc                EXTI1_IRQHandler
                0x080001bc                EXTI_TAMP_STAMP_IRQHandler
                0x080001bc                USART2_IRQHandler
                0x080001bc                I2C2_ER_IRQHandler
                0x080001bc                DMA2_Stream1_IRQHandler
                0x080001bc                CAN1_SCE_IRQHandler
                0x080001bc                FLASH_IRQHandler
                0x080001bc                DMA2_Stream4_IRQHandler
                0x080001bc                BusFault_Handler
                0x080001bc                USART1_IRQHandler
                0x080001bc                OTG_FS_IRQHandler
                0x080001bc                SPI3_IRQHandler
                0x080001bc                DMA1_Stream4_IRQHandler
                0x080001bc                I2C1_ER_IRQHandler
                0x080001bc                DebugMonitor_Handler
                0x080001bc                DMA2_Stream6_IRQHandler
                0x080001c4                SystemInit
                0x080001d0                Reset_Handler
 *(.text.*)
 *(.init)
 *(.fini)
 *(.ctors)
 *(.dtors)
 *(.rodata)
 *(.rodata.*)
                0x08000254                        . = ALIGN (0x4)
                0x08000254                        __text_end__ = .
                0x08000254                        _etext = LOADADDR (.data)

.glue_7         0x08000254        0x0
 .glue_7        0x08000254        0x0 linker stubs

.glue_7t        0x08000254        0x0
 .glue_7t       0x08000254        0x0 linker stubs

.vfp11_veneer   0x08000254        0x0
 .vfp11_veneer  0x08000254        0x0 linker stubs

.v4_bx          0x08000254        0x0
 .v4_bx         0x08000254        0x0 linker stubs

.iplt           0x08000254        0x0
 .iplt          0x08000254        0x0 obj/Stm32f429zi_Startup.o

.rel.dyn        0x08000254        0x0
 .rel.iplt      0x08000254        0x0 obj/Stm32f429zi_Startup.o

.data           0x20000000        0x0 load address 0x08000254
                0x20000000                        . = ALIGN (0x4)
                0x20000000                        _sdata = .
                0x20000000                        __data_start__ = _sdata
 *(.data)
 .data          0x20000000        0x0 obj/main.o
 .data          0x20000000        0x0 obj/Stm32f429zi_Startup.o
 *(.data.*)
                0x20000000                        . = ALIGN (0x4)
                0x20000000                        _edata = .
                0x20000000                        __data_end__ = _edata

.igot.plt       0x20000000        0x0 load address 0x08000254
 .igot.plt      0x20000000        0x0 obj/Stm32f429zi_Startup.o

.bss            0x20000000        0x4 load address 0x08000254
                0x20000000                        . = ALIGN (0x4)
                0x20000000                        _sbss = .
                0x20000000                        __bss_start__ = _sbss
 *(.bss)
 .bss           0x20000000        0x0 obj/main.o
 .bss           0x20000000        0x4 obj/Stm32f429zi_Startup.o
                0x20000000                sys_clk_freq
 *(.bss.*)
                0x20000004                        . = ALIGN (0x4)
                0x20000004                        _ebss = .
                0x20000004                        __bss_end__ = _ebss
                0x20000004                        __end__ = .
                0x20000004                        end = .
OUTPUT(bin/emb-c-template elf32-littlearm)
LOAD linker stubs

.debug_info     0x00000000      0x224
 .debug_info    0x00000000       0x84 obj/main.o
 .debug_info    0x00000084      0x1a0 obj/Stm32f429zi_Startup.o

.debug_abbrev   0x00000000      0x163
 .debug_abbrev  0x00000000       0x55 obj/main.o
 .debug_abbrev  0x00000055      0x10e obj/Stm32f429zi_Startup.o

.debug_aranges  0x00000000       0x40
 .debug_aranges
                0x00000000       0x20 obj/main.o
 .debug_aranges
                0x00000020       0x20 obj/Stm32f429zi_Startup.o

.debug_line     0x00000000      0x14b
 .debug_line    0x00000000       0x65 obj/main.o
 .debug_line    0x00000065       0xe6 obj/Stm32f429zi_Startup.o

.debug_str      0x00000000      0x1c0
 .debug_str     0x00000000      0x1c0 obj/main.o
                                0x109 (size before relaxing)
 .debug_str     0x000001c0      0x1c0 obj/Stm32f429zi_Startup.o

.comment        0x00000000       0x45
 .comment       0x00000000       0x45 obj/main.o
                                 0x46 (size before relaxing)
 .comment       0x00000045       0x46 obj/Stm32f429zi_Startup.o

.ARM.attributes
                0x00000000       0x2e
 .ARM.attributes
                0x00000000       0x2e obj/main.o
 .ARM.attributes
                0x0000002e       0x2e obj/Stm32f429zi_Startup.o

.debug_frame    0x00000000       0x98
 .debug_frame   0x00000000       0x30 obj/main.o
 .debug_frame   0x00000030       0x68 obj/Stm32f429zi_Startup.o
